This is pdfTeX, Version 3.141592653-2.6-1.40.22 (TeX Live 2022/dev/Debian) (preloaded format=pdflatex 2026.1.31)  1 FEB 2026 18:07
entering extended mode
 restricted \write18 enabled.
 %&-line parsing enabled.
**main.tex
(./main.tex
LaTeX2e <2021-11-15> patch level 1
L3 programming layer <2022-01-21>
(/usr/share/texlive/texmf-dist/tex/latex/ieeetran/IEEEtran.cls
Document Class: IEEEtran 2015/08/26 V1.8b by Michael Shell
-- See the "IEEEtran_HOWTO" manual for usage information.
-- http://www.michaelshell.org/tex/ieeetran/
\@IEEEtrantmpdimenA=\dimen138
\@IEEEtrantmpdimenB=\dimen139
\@IEEEtrantmpdimenC=\dimen140
\@IEEEtrantmpcountA=\count185
\@IEEEtrantmpcountB=\count186
\@IEEEtrantmpcountC=\count187
\@IEEEtrantmptoksA=\toks16
LaTeX Font Info:    Trying to load font information for OT1+ptm on input line 5
03.
(/usr/share/texlive/texmf-dist/tex/latex/psnfss/ot1ptm.fd
File: ot1ptm.fd 2001/06/04 font definitions for OT1/ptm.
)
-- Using 8.5in x 11in (letter) paper.
-- Using PDF output.
\@IEEEnormalsizeunitybaselineskip=\dimen141
-- This is a 10 point document.
\CLASSINFOnormalsizebaselineskip=\dimen142
\CLASSINFOnormalsizeunitybaselineskip=\dimen143
\IEEEnormaljot=\dimen144
LaTeX Font Info:    Font shape `OT1/ptm/bx/n' in size <5> not available
(Font)              Font shape `OT1/ptm/b/n' tried instead on input line 1090.
LaTeX Font Info:    Font shape `OT1/ptm/bx/it' in size <5> not available
(Font)              Font shape `OT1/ptm/b/it' tried instead on input line 1090.

LaTeX Font Info:    Font shape `OT1/ptm/bx/n' in size <7> not available
(Font)              Font shape `OT1/ptm/b/n' tried instead on input line 1090.
LaTeX Font Info:    Font shape `OT1/ptm/bx/it' in size <7> not available
(Font)              Font shape `OT1/ptm/b/it' tried instead on input line 1090.

LaTeX Font Info:    Font shape `OT1/ptm/bx/n' in size <8> not available
(Font)              Font shape `OT1/ptm/b/n' tried instead on input line 1090.
LaTeX Font Info:    Font shape `OT1/ptm/bx/it' in size <8> not available
(Font)              Font shape `OT1/ptm/b/it' tried instead on input line 1090.

LaTeX Font Info:    Font shape `OT1/ptm/bx/n' in size <9> not available
(Font)              Font shape `OT1/ptm/b/n' tried instead on input line 1090.
LaTeX Font Info:    Font shape `OT1/ptm/bx/it' in size <9> not available
(Font)              Font shape `OT1/ptm/b/it' tried instead on input line 1090.

LaTeX Font Info:    Font shape `OT1/ptm/bx/n' in size <10> not available
(Font)              Font shape `OT1/ptm/b/n' tried instead on input line 1090.
LaTeX Font Info:    Font shape `OT1/ptm/bx/it' in size <10> not available
(Font)              Font shape `OT1/ptm/b/it' tried instead on input line 1090.

LaTeX Font Info:    Font shape `OT1/ptm/bx/n' in size <11> not available
(Font)              Font shape `OT1/ptm/b/n' tried instead on input line 1090.
LaTeX Font Info:    Font shape `OT1/ptm/bx/it' in size <11> not available
(Font)              Font shape `OT1/ptm/b/it' tried instead on input line 1090.

LaTeX Font Info:    Font shape `OT1/ptm/bx/n' in size <12> not available
(Font)              Font shape `OT1/ptm/b/n' tried instead on input line 1090.
LaTeX Font Info:    Font shape `OT1/ptm/bx/it' in size <12> not available
(Font)              Font shape `OT1/ptm/b/it' tried instead on input line 1090.

LaTeX Font Info:    Font shape `OT1/ptm/bx/n' in size <17> not available
(Font)              Font shape `OT1/ptm/b/n' tried instead on input line 1090.
LaTeX Font Info:    Font shape `OT1/ptm/bx/it' in size <17> not available
(Font)              Font shape `OT1/ptm/b/it' tried instead on input line 1090.

LaTeX Font Info:    Font shape `OT1/ptm/bx/n' in size <20> not available
(Font)              Font shape `OT1/ptm/b/n' tried instead on input line 1090.
LaTeX Font Info:    Font shape `OT1/ptm/bx/it' in size <20> not available
(Font)              Font shape `OT1/ptm/b/it' tried instead on input line 1090.

LaTeX Font Info:    Font shape `OT1/ptm/bx/n' in size <24> not available
(Font)              Font shape `OT1/ptm/b/n' tried instead on input line 1090.
LaTeX Font Info:    Font shape `OT1/ptm/bx/it' in size <24> not available
(Font)              Font shape `OT1/ptm/b/it' tried instead on input line 1090.

\IEEEquantizedlength=\dimen145
\IEEEquantizedlengthdiff=\dimen146
\IEEEquantizedtextheightdiff=\dimen147
\IEEEilabelindentA=\dimen148
\IEEEilabelindentB=\dimen149
\IEEEilabelindent=\dimen150
\IEEEelabelindent=\dimen151
\IEEEdlabelindent=\dimen152
\IEEElabelindent=\dimen153
\IEEEiednormlabelsep=\dimen154
\IEEEiedmathlabelsep=\dimen155
\IEEEiedtopsep=\skip47
\c@section=\count188
\c@subsection=\count189
\c@subsubsection=\count190
\c@paragraph=\count191
\c@IEEEsubequation=\count192
\abovecaptionskip=\skip48
\belowcaptionskip=\skip49
\c@figure=\count193
\c@table=\count194
\@IEEEeqnnumcols=\count195
\@IEEEeqncolcnt=\count196
\@IEEEsubeqnnumrollback=\count197
\@IEEEquantizeheightA=\dimen156
\@IEEEquantizeheightB=\dimen157
\@IEEEquantizeheightC=\dimen158
\@IEEEquantizeprevdepth=\dimen159
\@IEEEquantizemultiple=\count198
\@IEEEquantizeboxA=\box50
\@IEEEtmpitemindent=\dimen160
\IEEEPARstartletwidth=\dimen161
\c@IEEEbiography=\count199
\@IEEEtranrubishbin=\box51
) (/usr/share/texlive/texmf-dist/tex/latex/graphics/graphicx.sty
Package: graphicx 2021/09/16 v1.2d Enhanced LaTeX Graphics (DPC,SPQR)

(/usr/share/texlive/texmf-dist/tex/latex/graphics/keyval.sty
Package: keyval 2014/10/28 v1.15 key=value parser (DPC)
\KV@toks@=\toks17
)
(/usr/share/texlive/texmf-dist/tex/latex/graphics/graphics.sty
Package: graphics 2021/03/04 v1.4d Standard LaTeX Graphics (DPC,SPQR)

(/usr/share/texlive/texmf-dist/tex/latex/graphics/trig.sty
Package: trig 2021/08/11 v1.11 sin cos tan (DPC)
)
(/usr/share/texlive/texmf-dist/tex/latex/graphics-cfg/graphics.cfg
File: graphics.cfg 2016/06/04 v1.11 sample graphics configuration
)
Package graphics Info: Driver file: pdftex.def on input line 107.

(/usr/share/texlive/texmf-dist/tex/latex/graphics-def/pdftex.def
File: pdftex.def 2020/10/05 v1.2a Graphics/color driver for pdftex
))
\Gin@req@height=\dimen162
\Gin@req@width=\dimen163
)
(/usr/share/texlive/texmf-dist/tex/latex/amsmath/amsmath.sty
Package: amsmath 2021/10/15 v2.17l AMS math features
\@mathmargin=\skip50

For additional information on amsmath, use the `?' option.
(/usr/share/texlive/texmf-dist/tex/latex/amsmath/amstext.sty
Package: amstext 2021/08/26 v2.01 AMS text

(/usr/share/texlive/texmf-dist/tex/latex/amsmath/amsgen.sty
File: amsgen.sty 1999/11/30 v2.0 generic functions
\@emptytoks=\toks18
\ex@=\dimen164
))
(/usr/share/texlive/texmf-dist/tex/latex/amsmath/amsbsy.sty
Package: amsbsy 1999/11/29 v1.2d Bold Symbols
\pmbraise@=\dimen165
)
(/usr/share/texlive/texmf-dist/tex/latex/amsmath/amsopn.sty
Package: amsopn 2021/08/26 v2.02 operator names
)
\inf@bad=\count266
LaTeX Info: Redefining \frac on input line 234.
\uproot@=\count267
\leftroot@=\count268
LaTeX Info: Redefining \overline on input line 399.
\classnum@=\count269
\DOTSCASE@=\count270
LaTeX Info: Redefining \ldots on input line 496.
LaTeX Info: Redefining \dots on input line 499.
LaTeX Info: Redefining \cdots on input line 620.
\Mathstrutbox@=\box52
\strutbox@=\box53
\big@size=\dimen166
LaTeX Font Info:    Redeclaring font encoding OML on input line 743.
LaTeX Font Info:    Redeclaring font encoding OMS on input line 744.
\macc@depth=\count271
\c@MaxMatrixCols=\count272
\dotsspace@=\muskip16
\c@parentequation=\count273
\dspbrk@lvl=\count274
\tag@help=\toks19
\row@=\count275
\column@=\count276
\maxfields@=\count277
\andhelp@=\toks20
\eqnshift@=\dimen167
\alignsep@=\dimen168
\tagshift@=\dimen169
\tagwidth@=\dimen170
\totwidth@=\dimen171
\lineht@=\dimen172
\@envbody=\toks21
\multlinegap=\skip51
\multlinetaggap=\skip52
\mathdisplay@stack=\toks22
LaTeX Info: Redefining \[ on input line 2938.
LaTeX Info: Redefining \] on input line 2939.
)
(/usr/share/texlive/texmf-dist/tex/latex/amsfonts/amssymb.sty
Package: amssymb 2013/01/14 v3.01 AMS font symbols

(/usr/share/texlive/texmf-dist/tex/latex/amsfonts/amsfonts.sty
Package: amsfonts 2013/01/14 v3.01 Basic AMSFonts support
\symAMSa=\mathgroup4
\symAMSb=\mathgroup5
LaTeX Font Info:    Redeclaring math symbol \hbar on input line 98.
LaTeX Font Info:    Overwriting math alphabet `\mathfrak' in version `bold'
(Font)                  U/euf/m/n --> U/euf/b/n on input line 106.
))
(/usr/share/texlive/texmf-dist/tex/latex/cite/cite.sty
LaTeX Info: Redefining \cite on input line 302.
LaTeX Info: Redefining \nocite on input line 332.
Package: cite 2015/02/27  v 5.5
)
(/usr/share/texlive/texmf-dist/tex/latex/url/url.sty
\Urlmuskip=\muskip17
Package: url 2013/09/16  ver 3.4  Verb mode for urls, etc.
)
(/usr/share/texlive/texmf-dist/tex/latex/booktabs/booktabs.sty
Package: booktabs 2020/01/12 v1.61803398 Publication quality tables
\heavyrulewidth=\dimen173
\lightrulewidth=\dimen174
\cmidrulewidth=\dimen175
\belowrulesep=\dimen176
\belowbottomsep=\dimen177
\aboverulesep=\dimen178
\abovetopsep=\dimen179
\cmidrulesep=\dimen180
\cmidrulekern=\dimen181
\defaultaddspace=\dimen182
\@cmidla=\count278
\@cmidlb=\count279
\@aboverulesep=\dimen183
\@belowrulesep=\dimen184
\@thisruleclass=\count280
\@lastruleclass=\count281
\@thisrulewidth=\dimen185
)
(/usr/share/texlive/texmf-dist/tex/latex/subfigure/subfigure.sty
Package: subfigure 2002/03/15 v2.1.5 subfigure package
\subfigtopskip=\skip53
\subfigcapskip=\skip54
\subfigcaptopadj=\dimen186
\subfigbottomskip=\skip55
\subfigcapmargin=\dimen187
\subfiglabelskip=\skip56
\c@subfigure=\count282
\c@lofdepth=\count283
\c@subtable=\count284
\c@lotdepth=\count285

****************************************
* Local config file subfigure.cfg used *
****************************************
(/usr/share/texlive/texmf-dist/tex/latex/subfigure/subfigure.cfg)
\subfig@top=\skip57
\subfig@bottom=\skip58
)
(/usr/share/texlive/texmf-dist/tex/latex/tools/array.sty
Package: array 2021/10/04 v2.5f Tabular extension package (FMi)
\col@sep=\dimen188
\ar@mcellbox=\box54
\extrarowheight=\dimen189
\NC@list=\toks23
\extratabsurround=\skip59
\backup@length=\skip60
\ar@cellbox=\box55
)
(/usr/share/texlive/texmf-dist/tex/latex/multirow/multirow.sty
Package: multirow 2021/03/15 v2.8 Span multiple rows of a table
\multirow@colwidth=\skip61
\multirow@cntb=\count286
\multirow@dima=\skip62
\bigstrutjot=\dimen190
)
(/usr/share/texlive/texmf-dist/tex/latex/l3backend/l3backend-pdftex.def
File: l3backend-pdftex.def 2022-01-12 L3 backend support: PDF output (pdfTeX)
\l__color_backend_stack_int=\count287
\l__pdf_internal_box=\box56
)
(./main.aux)
\openout1 = `main.aux'.

LaTeX Font Info:    Checking defaults for OML/cmm/m/it on input line 63.
LaTeX Font Info:    ... okay on input line 63.
LaTeX Font Info:    Checking defaults for OMS/cmsy/m/n on input line 63.
LaTeX Font Info:    ... okay on input line 63.
LaTeX Font Info:    Checking defaults for OT1/cmr/m/n on input line 63.
LaTeX Font Info:    ... okay on input line 63.
LaTeX Font Info:    Checking defaults for T1/cmr/m/n on input line 63.
LaTeX Font Info:    ... okay on input line 63.
LaTeX Font Info:    Checking defaults for TS1/cmr/m/n on input line 63.
LaTeX Font Info:    ... okay on input line 63.
LaTeX Font Info:    Checking defaults for OMX/cmex/m/n on input line 63.
LaTeX Font Info:    ... okay on input line 63.
LaTeX Font Info:    Checking defaults for U/cmr/m/n on input line 63.
LaTeX Font Info:    ... okay on input line 63.

-- Lines per column: 56 (exact).
(/usr/share/texlive/texmf-dist/tex/context/base/mkii/supp-pdf.mkii
[Loading MPS to PDF converter (version 2006.09.02).]
\scratchcounter=\count288
\scratchdimen=\dimen191
\scratchbox=\box57
\nofMPsegments=\count289
\nofMParguments=\count290
\everyMPshowfont=\toks24
\MPscratchCnt=\count291
\MPscratchDim=\dimen192
\MPnumerator=\count292
\makeMPintoPDFobject=\count293
\everyMPtoPDFconversion=\toks25
) (/usr/share/texlive/texmf-dist/tex/latex/epstopdf-pkg/epstopdf-base.sty
Package: epstopdf-base 2020-01-24 v2.11 Base part for package epstopdf
Package epstopdf-base Info: Redefining graphics rule for `.eps' on input line 4
85.

(/usr/share/texlive/texmf-dist/tex/latex/latexconfig/epstopdf-sys.cfg
File: epstopdf-sys.cfg 2010/07/13 v1.3 Configuration of (r)epstopdf for TeX Liv
e
))
LaTeX Font Info:    Calculating math sizes for size <11> on input line 65.
LaTeX Font Info:    Trying to load font information for U+msa on input line 65.


(/usr/share/texlive/texmf-dist/tex/latex/amsfonts/umsa.fd
File: umsa.fd 2013/01/14 v3.01 AMS symbols A
)
LaTeX Font Info:    Trying to load font information for U+msb on input line 65.


(/usr/share/texlive/texmf-dist/tex/latex/amsfonts/umsb.fd
File: umsb.fd 2013/01/14 v3.01 AMS symbols B
) [1{/var/lib/texmf/fonts/map/pdftex/updmap/pdftex.map}


]
Underfull \hbox (badness 5446) in paragraph at lines 101--102
[]\OT1/ptm/m/n/10 We de-velop a 31-dimensional fea-ture en-gi-neer-ing
 []


Underfull \vbox (badness 1024) has occurred while \output is active []

 [2]
<figure1_architecture.png, id=14, 1054.94125pt x 750.805pt>
File: figure1_architecture.png Graphic file (type png)
<use figure1_architecture.png>
Package pdftex.def Info: figure1_architecture.png  used on input line 155.
(pdftex.def)             Requested size: 252.0pt x 179.3491pt.
<figure2_features.png, id=16, 1264.725pt x 741.77126pt>
File: figure2_features.png Graphic file (type png)
<use figure2_features.png>
Package pdftex.def Info: figure2_features.png  used on input line 174.
(pdftex.def)             Requested size: 252.0pt x 147.79701pt.

[3 <./figure1_architecture.png>]
Underfull \hbox (badness 3701) in paragraph at lines 210--211
[]\OT1/ptm/b/n/10 Sufficiency Val-i-da-tion\OT1/ptm/m/n/10 : Cross-model eval-u
-a-tion (Sec-
 []

<figure3_rf_pipeline.png, id=21, 846.16125pt x 322.20375pt>
File: figure3_rf_pipeline.png Graphic file (type png)
<use figure3_rf_pipeline.png>
Package pdftex.def Info: figure3_rf_pipeline.png  used on input line 224.
(pdftex.def)             Requested size: 252.0pt x 95.9539pt.
<figure4_evaluation_setup.png, id=22, 1231.60126pt x 573.14125pt>
File: figure4_evaluation_setup.png Graphic file (type png)
<use figure4_evaluation_setup.png>
Package pdftex.def Info: figure4_evaluation_setup.png  used on input line 239.
(pdftex.def)             Requested size: 252.0pt x 117.26733pt.
[4 <./figure2_features.png> <./figure3_rf_pipeline.png>]
(./ai_methodology_enhancement.tex
Overfull \hbox (97.35402pt too wide) in paragraph at lines 29--40
 [][] 
 []

LaTeX Font Info:    Trying to load font information for TS1+ptm on input line 5
0.
(/usr/share/texlive/texmf-dist/tex/latex/psnfss/ts1ptm.fd
File: ts1ptm.fd 2001/06/04 font definitions for TS1/ptm.
)
Underfull \hbox (badness 1590) in paragraph at lines 50--51
[]\OT1/ptm/m/n/10 Random For-est emerges as op-ti-mal: (1) \OT1/ptm/b/n/10 high
-est F1-
 []


Overfull \hbox (5.2866pt too wide) in paragraph at lines 63--80
 [][] 
 []


Underfull \hbox (badness 3690) in paragraph at lines 84--85
\OT1/ptm/b/n/10 AI Ad-van-tages: \OT1/ptm/m/n/10 Latency-critical ap-pli-ca-tio
ns (in-dus-trial
 []

[5 <./figure4_evaluation_setup.png>]
Underfull \hbox (badness 10000) in paragraph at lines 126--127
[]\OT1/ptm/b/n/10 Conclusion: \OT1/ptm/m/n/10 LMs ex-cluded de-lib-er-ately for
 this
 []


Underfull \hbox (badness 10000) in paragraph at lines 126--127
\OT1/ptm/m/n/10 work|computational de-mands cur-rently con-flict with
 []


Underfull \hbox (badness 1629) in paragraph at lines 126--127
\OT1/ptm/m/n/10 informed fea-tures re-mains prac-ti-cal for our tar-get edge
 []

<feature_importance.png, id=33, 860.013pt x 570.933pt>
File: feature_importance.png Graphic file (type png)
<use feature_importance.png>
Package pdftex.def Info: feature_importance.png  used on input line 134.
(pdftex.def)             Requested size: 252.0pt x 167.29124pt.

Underfull \hbox (badness 1769) in paragraph at lines 141--142
\OT1/ptm/m/n/10 re-veals quan-ti-ta-tive con-tri-bu-tions: \OT1/ptm/b/n/10 URL 
Lex-i-cal (51.5%
 []

[6 <./feature_importance.png>]
Overfull \hbox (28.29764pt too wide) in paragraph at lines 152--167
 [][] 
 []


Underfull \hbox (badness 6978) in paragraph at lines 169--173
[]\OT1/ptm/b/n/10 Key Find-ings: \OT1/ptm/m/n/10 (1) Re-mov-ing DNS causes 0.35
%
 []


Underfull \hbox (badness 10000) in paragraph at lines 169--173
\OT1/ptm/m/n/10 loss (72.30$\OMS/cmsy/m/n/10 !$\OT1/ptm/m/n/10 71.95%), SSL cau
ses 0.88% loss
 []


Underfull \hbox (badness 10000) in paragraph at lines 169--173
\OT1/ptm/m/n/10 (72.30$\OMS/cmsy/m/n/10 !$\OT1/ptm/m/n/10 71.42%)|both vi-able 
for ultra-constrained
 []

)
<ai_pipeline_detailed.png, id=40, 1541.76pt x 1027.84pt>
File: ai_pipeline_detailed.png Graphic file (type png)
<use ai_pipeline_detailed.png>
Package pdftex.def Info: ai_pipeline_detailed.png  used on input line 262.
(pdftex.def)             Requested size: 252.0pt x 167.98656pt.
<figure5_performance_results.png, id=41, 1541.76pt x 1027.84pt>
File: figure5_performance_results.png Graphic file (type png)
<use figure5_performance_results.png>
Package pdftex.def Info: figure5_performance_results.png  used on input line 27
2.
(pdftex.def)             Requested size: 252.0pt x 167.98656pt.

Underfull \hbox (badness 10000) in paragraph at lines 303--303
[]|\OT1/ptm/m/n/9 Typosquatting,
 []


Underfull \hbox (badness 1365) in paragraph at lines 304--304
[]|\OT1/ptm/m/n/9 Raw IP, non-standard
 []

[7 <./ai_pipeline_detailed.png (PNG copy)> <./figure5_performance_results.png (
PNG copy)>]
Underfull \hbox (badness 10000) in paragraph at lines 328--328
[]|\OT1/ptm/m/n/8 Professional legitimate-
 []


Underfull \hbox (badness 6078) in paragraph at lines 362--363
[]\OT1/ptm/b/n/10 Adversarial Ro-bust-ness\OT1/ptm/m/n/10 : De-vel-op-ing adver
sarially-
 []


Underfull \hbox (badness 2762) in paragraph at lines 364--365
[]\OT1/ptm/b/n/10 Continual Learn-ing\OT1/ptm/m/n/10 : Im-ple-ment-ing on-line 
learn-ing
 []

[8]
Underfull \hbox (badness 1377) in paragraph at lines 393--394
\OT1/ptm/m/n/10 ern-ment net-works should aug-ment our dataset with
 []


Underfull \hbox (badness 2856) in paragraph at lines 409--410
[]\OT1/ptm/b/n/10 High-Security En-vi-ron-ments\OT1/ptm/m/n/10 : Crit-i-cal in-
fras-truc-ture
 []


Underfull \hbox (badness 10000) in paragraph at lines 440--442
[]\OT1/ptm/b/n/9 SIEM In-te-gra-tion: \OT1/ptm/m/n/9 For-ward JSON re-sponses t
o
 []


Underfull \hbox (badness 4859) in paragraph at lines 440--442
\OT1/ptm/m/n/9 Splunk/ELK/Sentinel for cor-re-la-tion. \OT1/ptm/b/n/9 Fire-wall
 Modes: \OT1/ptm/m/n/9 In-line
 []


Underfull \hbox (badness 5374) in paragraph at lines 440--442
\OT1/ptm/m/n/9 block-ing (score$\OML/cmm/m/it/9 >$\OT1/ptm/m/n/9 0.70), pas-siv
e mon-i-tor-ing, or hy-brid (auto-
 []


Underfull \hbox (badness 10000) in paragraph at lines 440--442
\OT1/ptm/m/n/9 block$\OML/cmm/m/it/9 >$\OT1/ptm/m/n/9 0.85, alert 0.60-0.85). \
OT1/ptm/b/n/9 Threat In-tel: \OT1/ptm/m/n/9 Ex-port to
 []


Underfull \hbox (badness 10000) in paragraph at lines 440--442
\OT1/ptm/m/n/9 MISP/ThreatConnect, sub-scribe to URL-Haus/PhishTank via
 []

[9] (./main.bbl)

** Conference Paper **
Before submitting the final camera ready copy, remember to:

 1. Manually equalize the lengths of two columns on the last page
 of your paper;

 2. Ensure that any PostScript and/or PDF output post-processing
 uses only Type 1 fonts and that every step in the generation
 process uses the appropriate paper size.

[10] (./main.aux) ) 
Here is how much of TeX's memory you used:
 4103 strings out of 480247
 66261 string characters out of 5896151
 373523 words of memory out of 5000000
 21980 multiletter control sequences out of 15000+600000
 524296 words of font info for 134 fonts, out of 8000000 for 9000
 14 hyphenation exceptions out of 8191
 55i,19n,62p,1575b,454s stack positions out of 5000i,500n,10000p,200000b,80000s
{/usr/share/texlive/texmf-dist/fonts/enc/dvips/base/8r.enc}<
/usr/share/texlive/texmf-dist/fonts/type1/public/amsfonts/cm/cmmi10.pfb></usr/s
hare/texlive/texmf-dist/fonts/type1/public/amsfonts/cm/cmmi8.pfb></usr/share/te
xlive/texmf-dist/fonts/type1/public/amsfonts/cm/cmmi9.pfb></usr/share/texlive/t
exmf-dist/fonts/type1/public/amsfonts/cm/cmsy10.pfb></usr/share/texlive/texmf-d
ist/fonts/type1/public/amsfonts/cm/cmsy5.pfb></usr/share/texlive/texmf-dist/fon
ts/type1/public/amsfonts/cm/cmsy6.pfb></usr/share/texlive/texmf-dist/fonts/type
1/public/amsfonts/cm/cmsy7.pfb></usr/share/texlive/texmf-dist/fonts/type1/urw/t
imes/utmb8a.pfb></usr/share/texlive/texmf-dist/fonts/type1/urw/times/utmbi8a.pf
b></usr/share/texlive/texmf-dist/fonts/type1/urw/times/utmr8a.pfb></usr/share/t
exlive/texmf-dist/fonts/type1/urw/times/utmri8a.pfb>
Output written on main.pdf (10 pages, 5504183 bytes).
PDF statistics:
 106 PDF objects out of 1000 (max. 8388607)
 59 compressed objects within 1 object stream
 0 named destinations out of 1000 (max. 500000)
 36 words of extra memory for PDF output out of 10000 (max. 10000000)

